../Core/Inc/bmi160_port.h:19:20:bmi160_port_init_i2c	16	static
../Core/Inc/hall.h:86:21:Hall_SpeedInstKmh	16	static
../Core/Inc/hall.h:87:21:Hall_SpeedFiltKmh	16	static
../Core/Inc/hall.h:88:21:Hall_DistanceM	16	static
../Core/Inc/hall.h:89:24:Hall_Pulses	16	static
../Core/Src/main.c:211:13:uart_puts	16	static
../Core/Src/main.c:215:13:uart_printf	208	static
../Core/Src/main.c:227:13:i2c_scan_print	16	static
../Core/Src/main.c:241:5:main	400	static
../Core/Src/main.c:389:6:SystemClock_Config	96	static
../Core/Src/main.c:441:13:bmi160_init_polling	8	static
../Core/Src/main.c:463:12:bmi160_read_acc_gyr	48	static
../Core/Src/main.c:480:14:bmi160_read_temperature_c	16	static
../Core/Src/main.c:488:15:bme_i2c_read	48	static
../Core/Src/main.c:495:15:bme_i2c_write	48	static
../Core/Src/main.c:502:13:bme_delay_us	16	static
../Core/Src/main.c:508:12:bme_try_addr	24	static
../Core/Src/main.c:558:12:bme280_probe_and_init	8	static
../Core/Src/main.c:564:12:bme280_read	48	static
../Core/Src/main.c:579:14:dewpoint_c	40	static
../Core/Src/main.c:587:13:update_pressure_trend	24	static
../Core/Src/main.c:606:13:update_alt_grad_vam_from_samples	72	static
../Core/Src/main.c:639:13:oled_init_and_banner	16	static
../Core/Src/main.c:649:13:UI_DrawRide	88	static
../Core/Src/main.c:689:13:UI_DrawClimb	48	static
../Core/Src/main.c:713:13:UI_DrawEnv	56	static
../Core/Src/main.c:737:13:UI_DrawIMU	48	static
../Core/Src/main.c:762:13:UI_DrawStats	72	static
../Core/Src/main.c:806:16:BTN_IsPressedRaw	16	static
../Core/Src/main.c:816:13:BTN_PollTask	16	static
../Core/Src/main.c:838:6:HAL_GPIO_EXTI_Callback	16	static
../Core/Src/main.c:850:6:HAL_TIM_PeriodElapsedCallback	64	static
../Core/Src/main.c:920:6:Error_Handler	4	static,ignoring_inline_asm
../Core/Src/main.c:925:6:LowPower_EnterSleep	8	static
../Core/Src/main.c:939:6:LowPower_EnterStop2	8	static
